"","name","V1","V2","V3","V4","V5","V6","V7","V8","V9","V10","likes","DE","FDR.DE","FWER.DE"
"80","count_80",1,1,0,1,1,13,21,8,6,20,0.999579121945483,"2>1",0.00042087805451696,0.00042087805451696
"78","count_78",1,1,0,1,1,8,13,7,9,10,0.999282897727866,"2>1",0.000568990163325511,0.00113767851404178
"66","count_66",0,0,0,0,0,15,10,4,4,10,0.999094285023854,"2>1",0.000681231767599044,0.00204236307771977
"21","count_21",2,0,1,1,0,15,15,6,5,11,0.998573343855009,"2>1",0.0008675878619471,0.00346610547287585
"7","count_7",9,8,8,8,9,1,2,1,0,0,0.998392571546608,"1>2",0.00101555598023599,0.00506796240970786
"26","count_26",13,4,11,5,7,1,1,1,0,0,0.998026550940084,"1>2",0.00117520482684931,0.00703141010397068
"64","count_64",6,6,8,11,9,1,1,0,0,1,0.996228303345878,"1>2",0.00154613223074538,0.0107765864121295
"72","count_72",0,0,1,0,0,7,6,4,3,8,0.995769090364235,"2>1",0.00188172940637285,0.014961901284603
"83","count_83",14,6,9,2,9,1,0,0,1,1,0.995445097418996,"1>2",0.00217874864799857,0.0194486538628293
"27","count_27",5,3,6,4,7,0,0,0,1,0,0.994175056823438,"1>2",0.0025433681008549,0.0251603097357797
